// Jest Snapshot v1, https://goo.gl/fbAQLP

exports[`test Header 1`] = `
<div
  className="Header-root-1"
>
  <header
    className="MuiPaper-root-14 MuiPaper-elevation4-20 MuiAppBar-root-5 MuiAppBar-positionStatic-9 MuiAppBar-colorPrimary-12"
  >
    <div
      className="MuiToolbar-root-41 MuiToolbar-regular-43 MuiToolbar-gutters-42"
    >
      <h6
        className="MuiTypography-root-45 MuiTypography-h6-62 MuiTypography-colorInherit-74 MuiTypography-noWrap-71 Header-title-3"
      >
        Notes
      </h6>
      <div
        className="SearchBar-search-80"
      >
        <div
          className="SearchBar-searchIcon-81"
        >
          <svg
            aria-hidden="true"
            className="MuiSvgIcon-root-84"
            focusable="false"
            role="presentation"
            viewBox="0 0 24 24"
          >
            <path
              d="M15.5 14h-.79l-.28-.27C15.41 12.59 16 11.11 16 9.5 16 5.91 13.09 3 9.5 3S3 5.91 3 9.5 5.91 16 9.5 16c1.61 0 3.09-.59 4.23-1.57l.27.28v.79l5 4.99L20.49 19l-4.99-5zm-6 0C7.01 14 5 11.99 5 9.5S7.01 5 9.5 5 14 7.01 14 9.5 11.99 14 9.5 14z"
            />
            <path
              d="M0 0h24v24H0z"
              fill="none"
            />
          </svg>
        </div>
        <div
          className="MuiInputBase-root-93 SearchBar-inputRoot-82"
          onClick={[Function]}
        >
          <input
            className="MuiInputBase-input-103 SearchBar-inputInput-83"
            onBlur={[Function]}
            onChange={[Function]}
            onFocus={[Function]}
            placeholder="Searchâ€¦"
            type="text"
          />
        </div>
      </div>
      <div
        className="Header-grow-4"
      />
      <button
        className="MuiButtonBase-root-136 MuiButton-root-110 MuiButton-text-112 MuiButton-flat-115"
        disabled={false}
        onBlur={[Function]}
        onClick={[Function]}
        onContextMenu={[Function]}
        onFocus={[Function]}
        onKeyDown={[Function]}
        onKeyUp={[Function]}
        onMouseDown={[Function]}
        onMouseLeave={[Function]}
        onMouseUp={[Function]}
        onTouchEnd={[Function]}
        onTouchMove={[Function]}
        onTouchStart={[Function]}
        tabIndex="0"
        type="button"
      >
        <span
          className="MuiButton-label-111"
        >
          Login
        </span>
        <span
          className="MuiTouchRipple-root-139"
        />
      </button>
    </div>
  </header>
</div>
`;
